<?xml version="1.0" encoding="UTF-8"?>
<testsuites name="jest tests" tests="2" failures="0" errors="0" time="0.383">
  <testsuite name="undefined" errors="0" failures="0" skipped="0" timestamp="2026-05-18T12:41:26" time="0.317" tests="2">
    <testcase classname=" adds a todo item" name=" adds a todo item" time="0.003">
    </testcase>
    <testcase classname=" gets all todos" name=" gets all todos" time="0">
    </testcase>
  </testsuite>
</testsuites>